🎲🎲🎲 EXIT CODE: 0 🎲🎲🎲
🟩🟩🟩 STDOUT️ 🟩🟩🟩️
✅ [32mSuccess.[0m
🟩🟩🟩 JSON STDOUT 🟩🟩🟩
{
  "message": "Success",
  "details": ""
}
